[www.tatamotors.com/index.html]
[backblue.gif]
[fade.gif]
[index.html]
[www.tatamotors.com/wp-content/themes/tatamotors_2019/css/style.css]
[www.tatamotors.com/wp-content/themes/tatamotors_2019/css/nav.css]
[www.tatamotors.com/wp-content/themes/tatamotors_2019/css/home.css]
[www.tatamotors.com/wp-content/themes/tatamotors_2019/css/slick.css]
[www.tatamotors.com/wp-content/themes/tatamotors_2019/css/animations.css]
[www.tatamotors.com/wp-content/themes/tatamotors_2019/css/colorbox.css]
[www.tatamotors.com/wp-content/themes/tatamotors_2019/css/jquery.mCustomScrollbar.css]
[www.tatamotors.com/wp-content/themes/tatamotors_2019/images/favicon.ico]
[www.tatamotors.com/wp-includes/css/dist/block-library/style.minf658.css]
[www.tatamotors.com/wp-includes/js/jquery/jquery.minaf6c.js]
[www.tatamotors.com/wp-includes/js/jquery/jquery-migrate.mind617.js]
[www.tatamotors.com/wp-content/themes/tatamotors_2019/images/wheel.png]
[www.tatamotors.com/wp-content/themes/tatamotors_2019/images/tata_motors_logo.png]
[www.tatamotors.com/wp-content/themes/tatamotors_2019/images/tata_logo.png]
[www.tatamotors.com/wp-content/uploads/2018/11/19102557/about-us-menu.jpg]
[www.tatamotors.com/wp-content/uploads/2018/11/19095209/product-menu.jpg]
[www.tatamotors.com/wp-content/themes/tatamotors_2019/images/ghana.png]
[www.tatamotors.com/about-us/index.html]
[www.tatamotors.com/wp-content/themes/tatamotors_2019/images/ivory-coast.png]
[www.tatamotors.com/wp-content/themes/tatamotors_2019/images/kenya.png]
[www.tatamotors.com/wp-content/themes/tatamotors_2019/images/mozambique.png]
[www.tatamotors.com/about-us/company-profile/index.html]
[www.tatamotors.com/wp-content/themes/tatamotors_2019/images/nigeria.png]
[www.tatamotors.com/wp-content/themes/tatamotors_2019/images/senegal.png]
[www.tatamotors.com/wp-content/themes/tatamotors_2019/images/southafrica.png]
[www.tatamotors.com/wp-content/themes/tatamotors_2019/images/tanzania.png]
[www.tatamotors.com/about-us/leadership/index.html]
[www.tatamotors.com/wp-content/themes/tatamotors_2019/images/tunisia.png]
[www.tatamotors.com/wp-content/themes/tatamotors_2019/images/uganda.png]
[www.tatamotors.com/about-us/facilities/index.html]
[www.tatamotors.com/wp-content/themes/tatamotors_2019/images/zambia.png]
[www.tatamotors.com/wp-content/themes/tatamotors_2019/images/bolivia.png]
[www.tatamotors.com/about-us/subsidiaries/index.html]
[www.tatamotors.com/wp-content/themes/tatamotors_2019/images/chile.png]
[www.tatamotors.com/wp-content/themes/tatamotors_2019/images/ecuador.png]
[www.tatamotors.com/wp-content/themes/tatamotors_2019/images/uruguay.png]
[www.tatamotors.com/wp-content/uploads/2018/07/09100420/paraguay-sml.png]
[www.tatamotors.com/innovation/index.html]
[www.tatamotors.com/wp-content/themes/tatamotors_2019/images/australia.png]
[www.tatamotors.com/wp-content/themes/tatamotors_2019/images/bangladesh.png]
[www.tatamotors.com/products/index.html]
[www.tatamotors.com/wp-content/themes/tatamotors_2019/images/bhutan.png]
[www.tatamotors.com/about-us/awards-recognitions/index.html]
[www.tatamotors.com/wp-content/themes/tatamotors_2019/images/indonesia.png]
[www.tatamotors.com/products/defence/about-us/index.html]
[www.tatamotors.com/wp-content/themes/tatamotors_2019/images/malaysia.png]
[www.tatamotors.com/products/trucks-buses/index.html]
[www.tatamotors.com/markets/index.html]
[www.tatamotors.com/wp-content/themes/tatamotors_2019/images/maldives.png]
[www.tatamotors.com/wp-content/themes/tatamotors_2019/images/myanmar.png]
[www.tatamotors.com/wp-content/themes/tatamotors_2019/images/nepal.png]
[www.tatamotors.com/wp-content/themes/tatamotors_2019/images/philippines.png]
[www.tatamotors.com/wp-content/themes/tatamotors_2019/images/srilanka.png]
[www.tatamotors.com/wp-content/themes/tatamotors_2019/images/vietnam.png]
[www.tatamotors.com/wp-content/themes/tatamotors_2019/images/uae.png]
[www.tatamotors.com/wp-content/themes/tatamotors_2019/images/iraq.png]
[www.tatamotors.com/wp-content/themes/tatamotors_2019/images/kuwait.png]
[www.tatamotors.com/wp-content/themes/tatamotors_2019/images/oman.png]
[www.tatamotors.com/wp-content/themes/tatamotors_2019/images/qatar.png]
[www.tatamotors.com/wp-content/themes/tatamotors_2019/images/saudiarabia.png]
[www.tatamotors.com/wp-content/themes/tatamotors_2019/images/turkey.png]
[www.tatamotors.com/wp-content/uploads/2017/12/19073814/csr-menu1.jpg]
[www.tatamotors.com/wp-content/uploads/2022/08/SMDF-Annual-Report-2021-22.pdf]
[www.tatamotors.com/wp-content/uploads/2021/07/12072318/new.gif]
[www.tatamotors.com/wp-content/uploads/2018/08/03054315/members-referencer.pdf]
[www.tatamotors.com/wp-content/uploads/2018/01/09055157/e22-e22a-series-change-in-debenture-trustee.pdf]
[www.tatamotors.com/corporate-social-responsibility/index.html]
[www.tatamotors.com/wp-content/uploads/2018/01/09060215/E26B-E26C-E26D-E26E-E26F-E26G-E26H-Change-in-Debenture-Trustee.pdf]
[www.tatamotors.com/wp-content/uploads/2018/07/11102509/stock-exchanges-listing.pdf]
[www.tatamotors.com/corporate-social-responsibility/csr-archive/index.html]
[www.tatamotors.com/wp-content/uploads/2018/02/02121721/media-menu1.jpg]
[www.tatamotors.com/wp-content/uploads/2022/10/home-mentor22-banner-web.jpg]
[www.tatamotors.com/investors/index.html]
[www.tatamotors.com/wp-content/uploads/2022/10/home-mentor22-banner-tab.jpg]
[www.tatamotors.com/investors/results-press-releases/index.html]
[www.tatamotors.com/wp-content/uploads/2022/10/home-mentor22-banner-mob.jpg]
[www.tatamotors.com/investors/annual-reports/index.html]
[www.tatamotors.com/wp-content/uploads/2022/09/home-banner-superpower-hers-web.jpg]
[www.tatamotors.com/wp-content/uploads/2022/09/home-banner-superpower-hers-tab.jpg]
[www.tatamotors.com/wp-content/uploads/2022/09/home-banner-superpower-hers-mob.jpg]
[www.tatamotors.com/investors/subsidiary-annual-reports/index.html]
[www.tatamotors.com/wp-content/uploads/2022/08/annual-csr-report-2021-22.pdf]
[www.tatamotors.com/wp-content/uploads/2022/08/home-banner-csr-web-22-1.jpg]
[www.tatamotors.com/investors/sec-filing/index.html]
[www.tatamotors.com/wp-content/uploads/2022/08/home-banner-csr-tab-22-1.jpg]
[www.tatamotors.com/wp-content/uploads/2022/08/home-banner-csr-mob-22-1.jpg]
[www.tatamotors.com/wp-content/uploads/2021/10/punch-banner-04oct21-web.jpg]
[www.tatamotors.com/investors/key-financial-statistics/index.html]
[www.tatamotors.com/wp-content/uploads/2021/10/punch-banner-04oct21-tab.jpg]
[www.tatamotors.com/wp-content/uploads/2021/10/punch-banner-04oct21-mob.jpg]
[www.tatamotors.com/wp-content/uploads/2022/01/home-safari-banner-17jan22-web.jpg]
[www.tatamotors.com/wp-content/uploads/2022/01/home-safari-banner-17jan22-tab.jpg]
[www.tatamotors.com/wp-content/uploads/2022/01/home-safari-banner-17jan22-mob.jpg]
[www.tatamotors.com/investors/extraordinary-general-meeting-2019/index.html]
[www.tatamotors.com/wp-content/uploads/2022/07/blog-19jul22-featured.jpg]
[www.tatamotors.com/wp-content/uploads/2022/05/blog-25may22-featured.jpg]
[www.tatamotors.com/wp-content/uploads/2022/05/blog-04may22-featured.jpg]
[www.tatamotors.com/wp-content/uploads/2022/04/blog-2apr22-feture.jpg]
[www.tatamotors.com/wp-content/uploads/2022/03/blog-4mar22-featured.jpg]
[www.tatamotors.com/investors/download-library/index.html]
[www.tatamotors.com/wp-content/uploads/2021/12/blog-10dec21-featured.jpg]
[www.tatamotors.com/investors/jlr-press-release-archive/index.html]
[www.tatamotors.com/investors/financial-calendar/index.html]
[www.tatamotors.com/investors/corporate-governance/index.html]
[www.tatamotors.com/investors/volumes/index.html]
[www.tatamotors.com/investors/ESOP/index.html]
[www.tatamotors.com/investors/listed-securities-information/index.html]
[www.tatamotors.com/investors/credit-ratings/index.html]
[www.tatamotors.com/investors/details-of-the-debenture-trustee/index.html]
[www.tatamotors.com/investors/debenture-holders-half-yearly-communication/index.html]
[www.tatamotors.com/investors/shareholding-pattern/index.html]
[www.tatamotors.com/investors/shareholding-distribution/index.html]
[www.tatamotors.com/investors/share-prices-graphs/index.html]
[www.tatamotors.com/investors/intimation-to-stock-exchanges/index.html]
[www.tatamotors.com/investors/letter-to-shareholders/index.html]
[www.tatamotors.com/investors/investor-contacts/index.html]
[www.tatamotors.com/investors/iepf/index.html]
[www.tatamotors.com/investors/scheme-of-arrangement-between-tml-and-tasl/index.html]
[www.tatamotors.com/investors/scheme-of-arrangement-between-tml-and-tbasl/index.html]
[www.tatamotors.com/investors/disclaimer/index.html]
[www.tatamotors.com/media/index.html]
[www.tatamotors.com/media/press-releases/index.html]
[www.tatamotors.com/media/media-coverage/index.html]
[www.tatamotors.com/media/product-stories/index.html]
[www.tatamotors.com/media/gallery/index.html]
[www.tatamotors.com/blog/index.html]
[www.tatamotors.com/contact-us/index7959.html]
[www.tatamotors.com/contact-us/index.html]
[www.tatamotors.com/blog/corporate/demystifying-vehicular-safety-the-fundamentals-of-engineering-a-safe-vehicle/index.html]
[www.tatamotors.com/blog/passenger-vehicle/decoding-indias-suv-fever-why-suvs-are-defining-the-mobility-of-today/index.html]
[www.tatamotors.com/blog/passenger-vehicle/being-futuready-re-imagining-automotive-supply-chains-in-the-post-covid-world/index.html]
[www.tatamotors.com/blog/corporate/evolutionary-platforms-revolutionary-outcomes-digital-transformation-in-the-automotive-industry/index.html]
[www.tatamotors.com/blog/electric-vehicles/maximizing-performance-minimizing-wastage-energy-management-in-evs-and-why-it-is-crucial/index.html]
[www.tatamotors.com/blog/corporate/talking-the-walk-with-prakash-telang/index.html]
[i.ytimg.com/vi/0WgOInc3UZo/mqdefault.jpg]
[i.ytimg.com/vi/OXMoJr0LAOg/mqdefault.jpg]
[www.tatamotors.com/wp-content/themes/tatamotors_2019/images/profile_info.jpg]
[www.tatamotors.com/wp-content/themes/tatamotors_2019/images/tata_motors_journey.gif]
[www.tatamotors.com/wp-content/themes/tatamotors_2019/images/video.jpg]
[www.tatamotors.com/wp-content/uploads/2022/09/tata-motors-group-corporate-presentation-2022.pdf]
[www.tatamotors.com/wp-content/uploads/2022/09/tata-motors-group-corporate-presentation-2022.jpg]
[www.tatamotors.com/wp-content/themes/tatamotors_2019/images/world_map.gif]
[www.tatamotors.com/wp-content/uploads/2015/09/PV-Dealer-Application-form.pdf]
[www.tatamotors.com/wp-content/uploads/2018/02/27112840/CV-Dealer-application-form.pdf]
[www.tatamotors.com/wp-content/uploads/2018/04/17065155/Distributor-Application-Form.pdf]
[www.tatamotors.com/wp-content/themes/tatamotors_2019/images/refresh-icon.png]
[www.tatamotors.com/wp-content/themes/tatamotors_2019/images/call_n.jpg]
[www.tatamotors.com/open-source-license-disclosure/index.html]
[www.tatamotors.com/wp-content/themes/tatamotors_2019/images/dealer-locator-icon.png]
[www.tatamotors.com/wp-content/themes/tatamotors_2019/images/calculator-icon.png]
[www.tatamotors.com/wp-content/themes/tatamotors_2019/images/rupee.png]
[www.tatamotors.com/wp-content/themes/tatamotors_2019/images/contact-us-icon.png]
[www.tatamotors.com/wp-content/themes/tatamotors_2019/images/pop-close.png]
[www.tatamotors.com/wp-content/themes/tatamotors_2019/js/jquery.min.js]
[www.tatamotors.com/wp-content/themes/tatamotors_2019/js/jquery.fullPage.js]
[www.tatamotors.com/wp-content/themes/tatamotors_2019/js/slick.min.js]
[www.tatamotors.com/wp-content/themes/tatamotors_2019/js/jquery.colorbox.js]
[www.tatamotors.com/wp-content/themes/tatamotors_2019/js/home.js]
[www.tatamotors.com/wp-content/themes/tatamotors_2019/js/css3-animate-it.js]
[www.tatamotors.com/wp-content/themes/tatamotors_2019/js/nav.js]
[www.tatamotors.com/wp-content/themes/tatamotors_2019/js/jquery.mCustomScrollbar.concat.min.js]
[cdn.jsdelivr.net/npm/jquery-validation@1.17.0/dist/jquery.validate.min.js]
[cdn.jsdelivr.net/npm/jquery-validation@1.17.0/dist/additional-methods.min.js]
[www.tatamotors.com/wp-content/plugins/newsletter-module/asset/js/common5152.js]
[www.tatamotors.com/wp-content/themes/tatamotors_2019/js/devf658.js]
[www.tatamotors.com/index.html]
[www.googletagmanager.com/gtm5445.html]
[www.tatamotors.com/wp-content/themes/tatamotors_2019/fonts/fontfabric_-_unineueblack-webfont.woff]
[www.tatamotors.com/wp-content/themes/tatamotors_2019/fonts/fontfabric_-_unineueblack-italic-webfont.woff]
[www.tatamotors.com/wp-content/themes/tatamotors_2019/fonts/fontfabric_-_unineuebold-webfont.woff]
[www.tatamotors.com/wp-content/themes/tatamotors_2019/css/style.css]
[www.tatamotors.com/wp-content/themes/tatamotors_2019/css/nav.css]
[www.tatamotors.com/wp-content/themes/tatamotors_2019/css/home.css]
[www.tatamotors.com/wp-content/themes/tatamotors_2019/css/slick.css]
[www.tatamotors.com/wp-content/themes/tatamotors_2019/css/animations.css]
[www.tatamotors.com/wp-content/themes/tatamotors_2019/css/colorbox.css]
[www.tatamotors.com/wp-content/themes/tatamotors_2019/css/jquery.mCustomScrollbar.css]
[www.tatamotors.com/wp-includes/css/dist/block-library/style.minf658.css]
[www.tatamotors.com/about-us/index.html]
[www.tatamotors.com/about-us/company-profile/index.html]
[www.tatamotors.com/about-us/leadership/index.html]
[www.tatamotors.com/about-us/facilities/index.html]
[www.tatamotors.com/about-us/subsidiaries/index.html]
[www.tatamotors.com/innovation/index.html]
[www.tatamotors.com/about-us/awards-recognitions/index.html]
[www.tatamotors.com/products/index.html]
[www.tatamotors.com/products/trucks-buses/index.html]
[www.tatamotors.com/products/defence/about-us/index.html]
[www.tatamotors.com/markets/index.html]
[www.tatamotors.com/corporate-social-responsibility/index.html]
[www.tatamotors.com/corporate-social-responsibility/csr-archive/index.html]
[www.tatamotors.com/investors/index.html]
[www.tatamotors.com/investors/results-press-releases/index.html]
[www.tatamotors.com/investors/annual-reports/index.html]
